  Determining projects to restore...
  All projects are up-to-date for restore.
  ZeroHourStudio.Domain -> D:\ZeroHourStudio\ZeroHourStudio.Domain\bin\Debug\net8.0\ZeroHourStudio.Domain.dll
  ZeroHourStudio.Application -> D:\ZeroHourStudio\ZeroHourStudio.Application\bin\Debug\net8.0\ZeroHourStudio.Application.dll
D:\ZeroHourStudio\ZeroHourStudio.Infrastructure\GraphEngine\EnhancedSageCore.cs(51,95): warning CS8625: Cannot convert null literal to non-nullable reference type. [D:\ZeroHourStudio\ZeroHourStudio.Infrastructure\ZeroHourStudio.Infrastructure.csproj]
D:\ZeroHourStudio\ZeroHourStudio.Infrastructure\GraphEngine\SmartDependencyExtractor.cs(26,101): warning CS8625: Cannot convert null literal to non-nullable reference type. [D:\ZeroHourStudio\ZeroHourStudio.Infrastructure\ZeroHourStudio.Infrastructure.csproj]
D:\ZeroHourStudio\ZeroHourStudio.Infrastructure\GraphEngine\SmartDependencyExtractor.cs(39,41): warning CS8625: Cannot convert null literal to non-nullable reference type. [D:\ZeroHourStudio\ZeroHourStudio.Infrastructure\ZeroHourStudio.Infrastructure.csproj]
D:\ZeroHourStudio\ZeroHourStudio.Infrastructure\GraphEngine\SmartReferenceHunter.cs(31,100): warning CS8625: Cannot convert null literal to non-nullable reference type. [D:\ZeroHourStudio\ZeroHourStudio.Infrastructure\ZeroHourStudio.Infrastructure.csproj]
D:\ZeroHourStudio\ZeroHourStudio.Infrastructure\GraphEngine\GraphEngineUsageExample.cs(17,34): warning CS1998: This async method lacks 'await' operators and will run synchronously. Consider using the 'await' operator to await non-blocking API calls, or 'await Task.Run(...)' to do CPU-bound work on a background thread. [D:\ZeroHourStudio\ZeroHourStudio.Infrastructure\ZeroHourStudio.Infrastructure.csproj]
D:\ZeroHourStudio\ZeroHourStudio.Infrastructure\GraphEngine\EnhancedSageCore.cs(127,60): error CS1061: 'DependencyNode' does not contain a definition for 'DdsFilePath' and no accessible extension method 'DdsFilePath' accepting a first argument of type 'DependencyNode' could be found (are you missing a using directive or an assembly reference?) [D:\ZeroHourStudio\ZeroHourStudio.Infrastructure\ZeroHourStudio.Infrastructure.csproj]
D:\ZeroHourStudio\ZeroHourStudio.Infrastructure\GraphEngine\EnhancedSageCore.cs(128,57): error CS1061: 'DependencyNode' does not contain a definition for 'DdsFilePath' and no accessible extension method 'DdsFilePath' accepting a first argument of type 'DependencyNode' could be found (are you missing a using directive or an assembly reference?) [D:\ZeroHourStudio\ZeroHourStudio.Infrastructure\ZeroHourStudio.Infrastructure.csproj]
D:\ZeroHourStudio\ZeroHourStudio.Infrastructure\GraphEngine\EnhancedSageCore.cs(129,60): error CS1061: 'DependencyNode' does not contain a definition for 'W3dFilePath' and no accessible extension method 'W3dFilePath' accepting a first argument of type 'DependencyNode' could be found (are you missing a using directive or an assembly reference?) [D:\ZeroHourStudio\ZeroHourStudio.Infrastructure\ZeroHourStudio.Infrastructure.csproj]
D:\ZeroHourStudio\ZeroHourStudio.Infrastructure\GraphEngine\EnhancedSageCore.cs(130,57): error CS1061: 'DependencyNode' does not contain a definition for 'W3dFilePath' and no accessible extension method 'W3dFilePath' accepting a first argument of type 'DependencyNode' could be found (are you missing a using directive or an assembly reference?) [D:\ZeroHourStudio\ZeroHourStudio.Infrastructure\ZeroHourStudio.Infrastructure.csproj]
D:\ZeroHourStudio\ZeroHourStudio.Infrastructure\GraphEngine\EnhancedSageCore.cs(131,60): error CS1061: 'DependencyNode' does not contain a definition for 'AudioFilePath' and no accessible extension method 'AudioFilePath' accepting a first argument of type 'DependencyNode' could be found (are you missing a using directive or an assembly reference?) [D:\ZeroHourStudio\ZeroHourStudio.Infrastructure\ZeroHourStudio.Infrastructure.csproj]
D:\ZeroHourStudio\ZeroHourStudio.Infrastructure\GraphEngine\EnhancedSageCore.cs(132,57): error CS1061: 'DependencyNode' does not contain a definition for 'AudioFilePath' and no accessible extension method 'AudioFilePath' accepting a first argument of type 'DependencyNode' could be found (are you missing a using directive or an assembly reference?) [D:\ZeroHourStudio\ZeroHourStudio.Infrastructure\ZeroHourStudio.Infrastructure.csproj]
D:\ZeroHourStudio\ZeroHourStudio.Infrastructure\GraphEngine\EnhancedSageCore.cs(140,71): error CS1501: No overload for method 'AnalyzeWeaponDependenciesAsync' takes 3 arguments [D:\ZeroHourStudio\ZeroHourStudio.Infrastructure\ZeroHourStudio.Infrastructure.csproj]
D:\ZeroHourStudio\ZeroHourStudio.Infrastructure\GraphEngine\SmartDependencyExtractor.cs(117,51): warning CS8604: Possible null reference argument for parameter 'path' in 'DirectoryInfo Directory.CreateDirectory(string path)'. [D:\ZeroHourStudio\ZeroHourStudio.Infrastructure\ZeroHourStudio.Infrastructure.csproj]
D:\ZeroHourStudio\ZeroHourStudio.Infrastructure\DependencyResolution\WeaponPackageResolver.cs(696,160): warning CS8602: Dereference of a possibly null reference. [D:\ZeroHourStudio\ZeroHourStudio.Infrastructure\ZeroHourStudio.Infrastructure.csproj]
D:\ZeroHourStudio\ZeroHourStudio.Infrastructure\Services\WeaponAnalysisService.cs(138,42): warning CS1998: This async method lacks 'await' operators and will run synchronously. Consider using the 'await' operator to await non-blocking API calls, or 'await Task.Run(...)' to do CPU-bound work on a background thread. [D:\ZeroHourStudio\ZeroHourStudio.Infrastructure\ZeroHourStudio.Infrastructure.csproj]
D:\ZeroHourStudio\ZeroHourStudio.Infrastructure\Services\MonitoredWeaponAnalysisService.cs(171,42): warning CS1998: This async method lacks 'await' operators and will run synchronously. Consider using the 'await' operator to await non-blocking API calls, or 'await Task.Run(...)' to do CPU-bound work on a background thread. [D:\ZeroHourStudio\ZeroHourStudio.Infrastructure\ZeroHourStudio.Infrastructure.csproj]
D:\ZeroHourStudio\ZeroHourStudio.Infrastructure\Services\MonitoredWeaponAnalysisService.cs(203,42): warning CS1998: This async method lacks 'await' operators and will run synchronously. Consider using the 'await' operator to await non-blocking API calls, or 'await Task.Run(...)' to do CPU-bound work on a background thread. [D:\ZeroHourStudio\ZeroHourStudio.Infrastructure\ZeroHourStudio.Infrastructure.csproj]
D:\ZeroHourStudio\ZeroHourStudio.Infrastructure\Services\MonitoredWeaponAnalysisService.cs(209,42): warning CS1998: This async method lacks 'await' operators and will run synchronously. Consider using the 'await' operator to await non-blocking API calls, or 'await Task.Run(...)' to do CPU-bound work on a background thread. [D:\ZeroHourStudio\ZeroHourStudio.Infrastructure\ZeroHourStudio.Infrastructure.csproj]
D:\ZeroHourStudio\ZeroHourStudio.Infrastructure\Services\WeaponAnalysisService.cs(199,42): warning CS1998: This async method lacks 'await' operators and will run synchronously. Consider using the 'await' operator to await non-blocking API calls, or 'await Task.Run(...)' to do CPU-bound work on a background thread. [D:\ZeroHourStudio\ZeroHourStudio.Infrastructure\ZeroHourStudio.Infrastructure.csproj]
D:\ZeroHourStudio\ZeroHourStudio.Infrastructure\Services\MonitoredWeaponAnalysisService.cs(215,42): warning CS1998: This async method lacks 'await' operators and will run synchronously. Consider using the 'await' operator to await non-blocking API calls, or 'await Task.Run(...)' to do CPU-bound work on a background thread. [D:\ZeroHourStudio\ZeroHourStudio.Infrastructure\ZeroHourStudio.Infrastructure.csproj]
D:\ZeroHourStudio\ZeroHourStudio.Infrastructure\Services\WeaponAnalysisService.cs(217,42): warning CS1998: This async method lacks 'await' operators and will run synchronously. Consider using the 'await' operator to await non-blocking API calls, or 'await Task.Run(...)' to do CPU-bound work on a background thread. [D:\ZeroHourStudio\ZeroHourStudio.Infrastructure\ZeroHourStudio.Infrastructure.csproj]
D:\ZeroHourStudio\ZeroHourStudio.Infrastructure\Services\MonitoredWeaponAnalysisService.cs(228,20): warning CS8619: Nullability of reference types in value of type 'List<string?>' doesn't match target type 'List<string>'. [D:\ZeroHourStudio\ZeroHourStudio.Infrastructure\ZeroHourStudio.Infrastructure.csproj]
D:\ZeroHourStudio\ZeroHourStudio.Infrastructure\Services\MonitoredWeaponAnalysisService.cs(226,42): warning CS1998: This async method lacks 'await' operators and will run synchronously. Consider using the 'await' operator to await non-blocking API calls, or 'await Task.Run(...)' to do CPU-bound work on a background thread. [D:\ZeroHourStudio\ZeroHourStudio.Infrastructure\ZeroHourStudio.Infrastructure.csproj]
D:\ZeroHourStudio\ZeroHourStudio.Infrastructure\Services\WeaponAnalysisService.cs(235,42): warning CS1998: This async method lacks 'await' operators and will run synchronously. Consider using the 'await' operator to await non-blocking API calls, or 'await Task.Run(...)' to do CPU-bound work on a background thread. [D:\ZeroHourStudio\ZeroHourStudio.Infrastructure\ZeroHourStudio.Infrastructure.csproj]
D:\ZeroHourStudio\ZeroHourStudio.Infrastructure\Services\WeaponAnalysisService.cs(258,42): warning CS1998: This async method lacks 'await' operators and will run synchronously. Consider using the 'await' operator to await non-blocking API calls, or 'await Task.Run(...)' to do CPU-bound work on a background thread. [D:\ZeroHourStudio\ZeroHourStudio.Infrastructure\ZeroHourStudio.Infrastructure.csproj]
D:\ZeroHourStudio\ZeroHourStudio.Infrastructure\Services\UnitDiscoveryService.cs(181,20): warning CS8619: Nullability of reference types in value of type 'List<string?>' doesn't match target type 'List<string>'. [D:\ZeroHourStudio\ZeroHourStudio.Infrastructure\ZeroHourStudio.Infrastructure.csproj]

Build FAILED.

D:\ZeroHourStudio\ZeroHourStudio.Infrastructure\GraphEngine\EnhancedSageCore.cs(51,95): warning CS8625: Cannot convert null literal to non-nullable reference type. [D:\ZeroHourStudio\ZeroHourStudio.Infrastructure\ZeroHourStudio.Infrastructure.csproj]
D:\ZeroHourStudio\ZeroHourStudio.Infrastructure\GraphEngine\SmartDependencyExtractor.cs(26,101): warning CS8625: Cannot convert null literal to non-nullable reference type. [D:\ZeroHourStudio\ZeroHourStudio.Infrastructure\ZeroHourStudio.Infrastructure.csproj]
D:\ZeroHourStudio\ZeroHourStudio.Infrastructure\GraphEngine\SmartDependencyExtractor.cs(39,41): warning CS8625: Cannot convert null literal to non-nullable reference type. [D:\ZeroHourStudio\ZeroHourStudio.Infrastructure\ZeroHourStudio.Infrastructure.csproj]
D:\ZeroHourStudio\ZeroHourStudio.Infrastructure\GraphEngine\SmartReferenceHunter.cs(31,100): warning CS8625: Cannot convert null literal to non-nullable reference type. [D:\ZeroHourStudio\ZeroHourStudio.Infrastructure\ZeroHourStudio.Infrastructure.csproj]
D:\ZeroHourStudio\ZeroHourStudio.Infrastructure\GraphEngine\GraphEngineUsageExample.cs(17,34): warning CS1998: This async method lacks 'await' operators and will run synchronously. Consider using the 'await' operator to await non-blocking API calls, or 'await Task.Run(...)' to do CPU-bound work on a background thread. [D:\ZeroHourStudio\ZeroHourStudio.Infrastructure\ZeroHourStudio.Infrastructure.csproj]
D:\ZeroHourStudio\ZeroHourStudio.Infrastructure\GraphEngine\SmartDependencyExtractor.cs(117,51): warning CS8604: Possible null reference argument for parameter 'path' in 'DirectoryInfo Directory.CreateDirectory(string path)'. [D:\ZeroHourStudio\ZeroHourStudio.Infrastructure\ZeroHourStudio.Infrastructure.csproj]
D:\ZeroHourStudio\ZeroHourStudio.Infrastructure\DependencyResolution\WeaponPackageResolver.cs(696,160): warning CS8602: Dereference of a possibly null reference. [D:\ZeroHourStudio\ZeroHourStudio.Infrastructure\ZeroHourStudio.Infrastructure.csproj]
D:\ZeroHourStudio\ZeroHourStudio.Infrastructure\Services\WeaponAnalysisService.cs(138,42): warning CS1998: This async method lacks 'await' operators and will run synchronously. Consider using the 'await' operator to await non-blocking API calls, or 'await Task.Run(...)' to do CPU-bound work on a background thread. [D:\ZeroHourStudio\ZeroHourStudio.Infrastructure\ZeroHourStudio.Infrastructure.csproj]
D:\ZeroHourStudio\ZeroHourStudio.Infrastructure\Services\MonitoredWeaponAnalysisService.cs(171,42): warning CS1998: This async method lacks 'await' operators and will run synchronously. Consider using the 'await' operator to await non-blocking API calls, or 'await Task.Run(...)' to do CPU-bound work on a background thread. [D:\ZeroHourStudio\ZeroHourStudio.Infrastructure\ZeroHourStudio.Infrastructure.csproj]
D:\ZeroHourStudio\ZeroHourStudio.Infrastructure\Services\MonitoredWeaponAnalysisService.cs(203,42): warning CS1998: This async method lacks 'await' operators and will run synchronously. Consider using the 'await' operator to await non-blocking API calls, or 'await Task.Run(...)' to do CPU-bound work on a background thread. [D:\ZeroHourStudio\ZeroHourStudio.Infrastructure\ZeroHourStudio.Infrastructure.csproj]
D:\ZeroHourStudio\ZeroHourStudio.Infrastructure\Services\MonitoredWeaponAnalysisService.cs(209,42): warning CS1998: This async method lacks 'await' operators and will run synchronously. Consider using the 'await' operator to await non-blocking API calls, or 'await Task.Run(...)' to do CPU-bound work on a background thread. [D:\ZeroHourStudio\ZeroHourStudio.Infrastructure\ZeroHourStudio.Infrastructure.csproj]
D:\ZeroHourStudio\ZeroHourStudio.Infrastructure\Services\WeaponAnalysisService.cs(199,42): warning CS1998: This async method lacks 'await' operators and will run synchronously. Consider using the 'await' operator to await non-blocking API calls, or 'await Task.Run(...)' to do CPU-bound work on a background thread. [D:\ZeroHourStudio\ZeroHourStudio.Infrastructure\ZeroHourStudio.Infrastructure.csproj]
D:\ZeroHourStudio\ZeroHourStudio.Infrastructure\Services\MonitoredWeaponAnalysisService.cs(215,42): warning CS1998: This async method lacks 'await' operators and will run synchronously. Consider using the 'await' operator to await non-blocking API calls, or 'await Task.Run(...)' to do CPU-bound work on a background thread. [D:\ZeroHourStudio\ZeroHourStudio.Infrastructure\ZeroHourStudio.Infrastructure.csproj]
D:\ZeroHourStudio\ZeroHourStudio.Infrastructure\Services\WeaponAnalysisService.cs(217,42): warning CS1998: This async method lacks 'await' operators and will run synchronously. Consider using the 'await' operator to await non-blocking API calls, or 'await Task.Run(...)' to do CPU-bound work on a background thread. [D:\ZeroHourStudio\ZeroHourStudio.Infrastructure\ZeroHourStudio.Infrastructure.csproj]
D:\ZeroHourStudio\ZeroHourStudio.Infrastructure\Services\MonitoredWeaponAnalysisService.cs(228,20): warning CS8619: Nullability of reference types in value of type 'List<string?>' doesn't match target type 'List<string>'. [D:\ZeroHourStudio\ZeroHourStudio.Infrastructure\ZeroHourStudio.Infrastructure.csproj]
D:\ZeroHourStudio\ZeroHourStudio.Infrastructure\Services\MonitoredWeaponAnalysisService.cs(226,42): warning CS1998: This async method lacks 'await' operators and will run synchronously. Consider using the 'await' operator to await non-blocking API calls, or 'await Task.Run(...)' to do CPU-bound work on a background thread. [D:\ZeroHourStudio\ZeroHourStudio.Infrastructure\ZeroHourStudio.Infrastructure.csproj]
D:\ZeroHourStudio\ZeroHourStudio.Infrastructure\Services\WeaponAnalysisService.cs(235,42): warning CS1998: This async method lacks 'await' operators and will run synchronously. Consider using the 'await' operator to await non-blocking API calls, or 'await Task.Run(...)' to do CPU-bound work on a background thread. [D:\ZeroHourStudio\ZeroHourStudio.Infrastructure\ZeroHourStudio.Infrastructure.csproj]
D:\ZeroHourStudio\ZeroHourStudio.Infrastructure\Services\WeaponAnalysisService.cs(258,42): warning CS1998: This async method lacks 'await' operators and will run synchronously. Consider using the 'await' operator to await non-blocking API calls, or 'await Task.Run(...)' to do CPU-bound work on a background thread. [D:\ZeroHourStudio\ZeroHourStudio.Infrastructure\ZeroHourStudio.Infrastructure.csproj]
D:\ZeroHourStudio\ZeroHourStudio.Infrastructure\Services\UnitDiscoveryService.cs(181,20): warning CS8619: Nullability of reference types in value of type 'List<string?>' doesn't match target type 'List<string>'. [D:\ZeroHourStudio\ZeroHourStudio.Infrastructure\ZeroHourStudio.Infrastructure.csproj]
D:\ZeroHourStudio\ZeroHourStudio.Infrastructure\GraphEngine\EnhancedSageCore.cs(127,60): error CS1061: 'DependencyNode' does not contain a definition for 'DdsFilePath' and no accessible extension method 'DdsFilePath' accepting a first argument of type 'DependencyNode' could be found (are you missing a using directive or an assembly reference?) [D:\ZeroHourStudio\ZeroHourStudio.Infrastructure\ZeroHourStudio.Infrastructure.csproj]
D:\ZeroHourStudio\ZeroHourStudio.Infrastructure\GraphEngine\EnhancedSageCore.cs(128,57): error CS1061: 'DependencyNode' does not contain a definition for 'DdsFilePath' and no accessible extension method 'DdsFilePath' accepting a first argument of type 'DependencyNode' could be found (are you missing a using directive or an assembly reference?) [D:\ZeroHourStudio\ZeroHourStudio.Infrastructure\ZeroHourStudio.Infrastructure.csproj]
D:\ZeroHourStudio\ZeroHourStudio.Infrastructure\GraphEngine\EnhancedSageCore.cs(129,60): error CS1061: 'DependencyNode' does not contain a definition for 'W3dFilePath' and no accessible extension method 'W3dFilePath' accepting a first argument of type 'DependencyNode' could be found (are you missing a using directive or an assembly reference?) [D:\ZeroHourStudio\ZeroHourStudio.Infrastructure\ZeroHourStudio.Infrastructure.csproj]
D:\ZeroHourStudio\ZeroHourStudio.Infrastructure\GraphEngine\EnhancedSageCore.cs(130,57): error CS1061: 'DependencyNode' does not contain a definition for 'W3dFilePath' and no accessible extension method 'W3dFilePath' accepting a first argument of type 'DependencyNode' could be found (are you missing a using directive or an assembly reference?) [D:\ZeroHourStudio\ZeroHourStudio.Infrastructure\ZeroHourStudio.Infrastructure.csproj]
D:\ZeroHourStudio\ZeroHourStudio.Infrastructure\GraphEngine\EnhancedSageCore.cs(131,60): error CS1061: 'DependencyNode' does not contain a definition for 'AudioFilePath' and no accessible extension method 'AudioFilePath' accepting a first argument of type 'DependencyNode' could be found (are you missing a using directive or an assembly reference?) [D:\ZeroHourStudio\ZeroHourStudio.Infrastructure\ZeroHourStudio.Infrastructure.csproj]
D:\ZeroHourStudio\ZeroHourStudio.Infrastructure\GraphEngine\EnhancedSageCore.cs(132,57): error CS1061: 'DependencyNode' does not contain a definition for 'AudioFilePath' and no accessible extension method 'AudioFilePath' accepting a first argument of type 'DependencyNode' could be found (are you missing a using directive or an assembly reference?) [D:\ZeroHourStudio\ZeroHourStudio.Infrastructure\ZeroHourStudio.Infrastructure.csproj]
D:\ZeroHourStudio\ZeroHourStudio.Infrastructure\GraphEngine\EnhancedSageCore.cs(140,71): error CS1501: No overload for method 'AnalyzeWeaponDependenciesAsync' takes 3 arguments [D:\ZeroHourStudio\ZeroHourStudio.Infrastructure\ZeroHourStudio.Infrastructure.csproj]
    19 Warning(s)
    7 Error(s)

Time Elapsed 00:00:01.84
